I'm sorry, but errors were detected in your script. Please correct the
errors listed below, and try again.


File "game/gui.rpy", line 10: invalid syntax
        define gui.dialogue_text_xalign = 0.5   
                ^

Ren'Py Version: Ren'Py 8.3.3.24111502
Fri Mar 13 10:56:51 2026
